Traceback (most recent call last):
  File "<frozen runpy>", line 198, in _run_module_as_main
  File "<frozen runpy>", line 88, in _run_code
  File "C:\Users\20883\OneDrive\Desktop\lstm-dqn-mpc\lstm-dqn-mpc\.worktrees\direct-power-mlp\src\v4\staged_study.py", line 270, in <module>
    raise SystemExit(main())
                     ^^^^^^
  File "C:\Users\20883\OneDrive\Desktop\lstm-dqn-mpc\lstm-dqn-mpc\.worktrees\direct-power-mlp\src\v4\staged_study.py", line 241, in main
    return _worker(args)
           ^^^^^^^^^^^^^
  File "C:\Users\20883\OneDrive\Desktop\lstm-dqn-mpc\lstm-dqn-mpc\.worktrees\direct-power-mlp\src\v4\staged_study.py", line 76, in _worker
    dataset = FormalTrainingDataset.open(*roots)
              ^^^^^^^^^^^^^^^^^^^^^^^^^^^^^^^^^^
  File "C:\Users\20883\OneDrive\Desktop\lstm-dqn-mpc\lstm-dqn-mpc\.worktrees\direct-power-mlp\src\v2\data\formal_training_dataset.py", line 195, in open
    if not 0 < result.train_macro_transitions <= math.ceil(EXPECTED_TRAIN_STEPS / 5):
               ^^^^^^^^^^^^^^^^^^^^^^^^^^^^^^
  File "C:\Users\20883\OneDrive\Desktop\lstm-dqn-mpc\lstm-dqn-mpc\.worktrees\direct-power-mlp\src\v2\data\formal_training_dataset.py", line 216, in train_macro_transitions
    return self.train_macro_transition_count(5)
           ^^^^^^^^^^^^^^^^^^^^^^^^^^^^^^^^^^^^
  File "C:\Users\20883\OneDrive\Desktop\lstm-dqn-mpc\lstm-dqn-mpc\.worktrees\direct-power-mlp\src\v2\data\formal_training_dataset.py", line 224, in train_macro_transition_count
    values = tuple(pd.read_csv(path, encoding="utf-8-sig")["mode"].astype(str))
                   ^^^^^^^^^^^^^^^^^^^^^^^^^^^^^^^^^^^^^^^
  File "D:\py\Python3\Lib\site-packages\pandas\io\parsers\readers.py", line 873, in read_csv
    return _read(filepath_or_buffer, kwds)
           ^^^^^^^^^^^^^^^^^^^^^^^^^^^^^^^
  File "D:\py\Python3\Lib\site-packages\pandas\io\parsers\readers.py", line 300, in _read
    parser = TextFileReader(filepath_or_buffer, **kwds)
             ^^^^^^^^^^^^^^^^^^^^^^^^^^^^^^^^^^^^^^^^^^
  File "D:\py\Python3\Lib\site-packages\pandas\io\parsers\readers.py", line 1645, in __init__
    self._engine = self._make_engine(f, self.engine)
                   ^^^^^^^^^^^^^^^^^^^^^^^^^^^^^^^^^
  File "D:\py\Python3\Lib\site-packages\pandas\io\parsers\readers.py", line 1922, in _make_engine
    return mapping[engine](f, **self.options)
           ^^^^^^^^^^^^^^^^^^^^^^^^^^^^^^^^^^
  File "D:\py\Python3\Lib\site-packages\pandas\io\parsers\c_parser_wrapper.py", line 95, in __init__
    self._reader = parsers.TextReader(src, **kwds)
                   ^^^^^^^^^^^^^^^^^^^^^^^^^^^^^^^
  File "pandas/_libs/parsers.pyx", line 568, in pandas._libs.parsers.TextReader.__cinit__
  File "pandas/_libs/parsers.pyx", line 657, in pandas._libs.parsers.TextReader._get_header
  File "pandas/_libs/parsers.pyx", line 868, in pandas._libs.parsers.TextReader._tokenize_rows
  File "pandas/_libs/parsers.pyx", line 885, in pandas._libs.parsers.TextReader._check_tokenize_status
  File "pandas/_libs/parsers.pyx", line 2084, in pandas._libs.parsers.raise_parser_error
pandas.errors.ParserError: Error tokenizing data. C error: out of memory
